FAIL	github.com/amirasaad/fintech/pkg/handler/account/withdraw [build failed]
FAIL
